  flash.cpp
E:\My_Stuff\prep\systemc_projects\OSPI_NB_TLM\flash.cpp(31,1): warning C4715: 'FLASH::nb_transport_fw': not all control paths return a value
SystemC.lib(sc_report_handler.obj) : warning LNK4099: PDB 'SystemC-3.0.0.pdb' was not found with 'SystemC.lib(sc_report_handler.obj)' or at 'E:\My_Stuff\prep\systemc_projects\OSPI_NB_TLM\x64\Debug\SystemC-3.0.0.pdb'; linking object as if no debug info
SystemC.lib(sc_time.obj) : warning LNK4099: PDB 'SystemC-3.0.0.pdb' was not found with 'SystemC.lib(sc_time.obj)' or at 'E:\My_Stuff\prep\systemc_projects\OSPI_NB_TLM\x64\Debug\SystemC-3.0.0.pdb'; linking object as if no debug info
SystemC.lib(sc_simcontext.obj) : warning LNK4099: PDB 'SystemC-3.0.0.pdb' was not found with 'SystemC.lib(sc_simcontext.obj)' or at 'E:\My_Stuff\prep\systemc_projects\OSPI_NB_TLM\x64\Debug\SystemC-3.0.0.pdb'; linking object as if no debug info
SystemC.lib(sc_port.obj) : warning LNK4099: PDB 'SystemC-3.0.0.pdb' was not found with 'SystemC.lib(sc_port.obj)' or at 'E:\My_Stuff\prep\systemc_projects\OSPI_NB_TLM\x64\Debug\SystemC-3.0.0.pdb'; linking object as if no debug info
SystemC.lib(sc_wait.obj) : warning LNK4099: PDB 'SystemC-3.0.0.pdb' was not found with 'SystemC.lib(sc_wait.obj)' or at 'E:\My_Stuff\prep\systemc_projects\OSPI_NB_TLM\x64\Debug\SystemC-3.0.0.pdb'; linking object as if no debug info
SystemC.lib(sc_ver.obj) : warning LNK4099: PDB 'SystemC-3.0.0.pdb' was not found with 'SystemC.lib(sc_ver.obj)' or at 'E:\My_Stuff\prep\systemc_projects\OSPI_NB_TLM\x64\Debug\SystemC-3.0.0.pdb'; linking object as if no debug info
SystemC.lib(sc_value_base.obj) : warning LNK4099: PDB 'SystemC-3.0.0.pdb' was not found with 'SystemC.lib(sc_value_base.obj)' or at 'E:\My_Stuff\prep\systemc_projects\OSPI_NB_TLM\x64\Debug\SystemC-3.0.0.pdb'; linking object as if no debug info
SystemC.lib(sc_unsigned.obj) : warning LNK4099: PDB 'SystemC-3.0.0.pdb' was not found with 'SystemC.lib(sc_unsigned.obj)' or at 'E:\My_Stuff\prep\systemc_projects\OSPI_NB_TLM\x64\Debug\SystemC-3.0.0.pdb'; linking object as if no debug info
SystemC.lib(sc_signed.obj) : warning LNK4099: PDB 'SystemC-3.0.0.pdb' was not found with 'SystemC.lib(sc_signed.obj)' or at 'E:\My_Stuff\prep\systemc_projects\OSPI_NB_TLM\x64\Debug\SystemC-3.0.0.pdb'; linking object as if no debug info
SystemC.lib(sc_uint_base.obj) : warning LNK4099: PDB 'SystemC-3.0.0.pdb' was not found with 'SystemC.lib(sc_uint_base.obj)' or at 'E:\My_Stuff\prep\systemc_projects\OSPI_NB_TLM\x64\Debug\SystemC-3.0.0.pdb'; linking object as if no debug info
SystemC.lib(tlm_gp.obj) : warning LNK4099: PDB 'SystemC-3.0.0.pdb' was not found with 'SystemC.lib(tlm_gp.obj)' or at 'E:\My_Stuff\prep\systemc_projects\OSPI_NB_TLM\x64\Debug\SystemC-3.0.0.pdb'; linking object as if no debug info
SystemC.lib(sc_utils_ids.obj) : warning LNK4099: PDB 'SystemC-3.0.0.pdb' was not found with 'SystemC.lib(sc_utils_ids.obj)' or at 'E:\My_Stuff\prep\systemc_projects\OSPI_NB_TLM\x64\Debug\SystemC-3.0.0.pdb'; linking object as if no debug info
SystemC.lib(sc_object.obj) : warning LNK4099: PDB 'SystemC-3.0.0.pdb' was not found with 'SystemC.lib(sc_object.obj)' or at 'E:\My_Stuff\prep\systemc_projects\OSPI_NB_TLM\x64\Debug\SystemC-3.0.0.pdb'; linking object as if no debug info
SystemC.lib(sc_interface.obj) : warning LNK4099: PDB 'SystemC-3.0.0.pdb' was not found with 'SystemC.lib(sc_interface.obj)' or at 'E:\My_Stuff\prep\systemc_projects\OSPI_NB_TLM\x64\Debug\SystemC-3.0.0.pdb'; linking object as if no debug info
SystemC.lib(sc_export.obj) : warning LNK4099: PDB 'SystemC-3.0.0.pdb' was not found with 'SystemC.lib(sc_export.obj)' or at 'E:\My_Stuff\prep\systemc_projects\OSPI_NB_TLM\x64\Debug\SystemC-3.0.0.pdb'; linking object as if no debug info
SystemC.lib(sc_event.obj) : warning LNK4099: PDB 'SystemC-3.0.0.pdb' was not found with 'SystemC.lib(sc_event.obj)' or at 'E:\My_Stuff\prep\systemc_projects\OSPI_NB_TLM\x64\Debug\SystemC-3.0.0.pdb'; linking object as if no debug info
SystemC.lib(sc_module_name.obj) : warning LNK4099: PDB 'SystemC-3.0.0.pdb' was not found with 'SystemC.lib(sc_module_name.obj)' or at 'E:\My_Stuff\prep\systemc_projects\OSPI_NB_TLM\x64\Debug\SystemC-3.0.0.pdb'; linking object as if no debug info
SystemC.lib(sc_module.obj) : warning LNK4099: PDB 'SystemC-3.0.0.pdb' was not found with 'SystemC.lib(sc_module.obj)' or at 'E:\My_Stuff\prep\systemc_projects\OSPI_NB_TLM\x64\Debug\SystemC-3.0.0.pdb'; linking object as if no debug info
SystemC.lib(sc_event_queue.obj) : warning LNK4099: PDB 'SystemC-3.0.0.pdb' was not found with 'SystemC.lib(sc_event_queue.obj)' or at 'E:\My_Stuff\prep\systemc_projects\OSPI_NB_TLM\x64\Debug\SystemC-3.0.0.pdb'; linking object as if no debug info
SystemC.lib(sc_report.obj) : warning LNK4099: PDB 'SystemC-3.0.0.pdb' was not found with 'SystemC.lib(sc_report.obj)' or at 'E:\My_Stuff\prep\systemc_projects\OSPI_NB_TLM\x64\Debug\SystemC-3.0.0.pdb'; linking object as if no debug info
SystemC.lib(sc_stop_here.obj) : warning LNK4099: PDB 'SystemC-3.0.0.pdb' was not found with 'SystemC.lib(sc_stop_here.obj)' or at 'E:\My_Stuff\prep\systemc_projects\OSPI_NB_TLM\x64\Debug\SystemC-3.0.0.pdb'; linking object as if no debug info
SystemC.lib(sc_except.obj) : warning LNK4099: PDB 'SystemC-3.0.0.pdb' was not found with 'SystemC.lib(sc_except.obj)' or at 'E:\My_Stuff\prep\systemc_projects\OSPI_NB_TLM\x64\Debug\SystemC-3.0.0.pdb'; linking object as if no debug info
SystemC.lib(sc_process.obj) : warning LNK4099: PDB 'SystemC-3.0.0.pdb' was not found with 'SystemC.lib(sc_process.obj)' or at 'E:\My_Stuff\prep\systemc_projects\OSPI_NB_TLM\x64\Debug\SystemC-3.0.0.pdb'; linking object as if no debug info
SystemC.lib(sc_pq.obj) : warning LNK4099: PDB 'SystemC-3.0.0.pdb' was not found with 'SystemC.lib(sc_pq.obj)' or at 'E:\My_Stuff\prep\systemc_projects\OSPI_NB_TLM\x64\Debug\SystemC-3.0.0.pdb'; linking object as if no debug info
SystemC.lib(sc_spawn_options.obj) : warning LNK4099: PDB 'SystemC-3.0.0.pdb' was not found with 'SystemC.lib(sc_spawn_options.obj)' or at 'E:\My_Stuff\prep\systemc_projects\OSPI_NB_TLM\x64\Debug\SystemC-3.0.0.pdb'; linking object as if no debug info
SystemC.lib(sc_method_process.obj) : warning LNK4099: PDB 'SystemC-3.0.0.pdb' was not found with 'SystemC.lib(sc_method_process.obj)' or at 'E:\My_Stuff\prep\systemc_projects\OSPI_NB_TLM\x64\Debug\SystemC-3.0.0.pdb'; linking object as if no debug info
SystemC.lib(sc_reset.obj) : warning LNK4099: PDB 'SystemC-3.0.0.pdb' was not found with 'SystemC.lib(sc_reset.obj)' or at 'E:\My_Stuff\prep\systemc_projects\OSPI_NB_TLM\x64\Debug\SystemC-3.0.0.pdb'; linking object as if no debug info
SystemC.lib(sc_thread_process.obj) : warning LNK4099: PDB 'SystemC-3.0.0.pdb' was not found with 'SystemC.lib(sc_thread_process.obj)' or at 'E:\My_Stuff\prep\systemc_projects\OSPI_NB_TLM\x64\Debug\SystemC-3.0.0.pdb'; linking object as if no debug info
SystemC.lib(sc_cor_fiber.obj) : warning LNK4099: PDB 'SystemC-3.0.0.pdb' was not found with 'SystemC.lib(sc_cor_fiber.obj)' or at 'E:\My_Stuff\prep\systemc_projects\OSPI_NB_TLM\x64\Debug\SystemC-3.0.0.pdb'; linking object as if no debug info
SystemC.lib(sc_list.obj) : warning LNK4099: PDB 'SystemC-3.0.0.pdb' was not found with 'SystemC.lib(sc_list.obj)' or at 'E:\My_Stuff\prep\systemc_projects\OSPI_NB_TLM\x64\Debug\SystemC-3.0.0.pdb'; linking object as if no debug info
SystemC.lib(sc_module_registry.obj) : warning LNK4099: PDB 'SystemC-3.0.0.pdb' was not found with 'SystemC.lib(sc_module_registry.obj)' or at 'E:\My_Stuff\prep\systemc_projects\OSPI_NB_TLM\x64\Debug\SystemC-3.0.0.pdb'; linking object as if no debug info
SystemC.lib(sc_name_gen.obj) : warning LNK4099: PDB 'SystemC-3.0.0.pdb' was not found with 'SystemC.lib(sc_name_gen.obj)' or at 'E:\My_Stuff\prep\systemc_projects\OSPI_NB_TLM\x64\Debug\SystemC-3.0.0.pdb'; linking object as if no debug info
SystemC.lib(sc_object_manager.obj) : warning LNK4099: PDB 'SystemC-3.0.0.pdb' was not found with 'SystemC.lib(sc_object_manager.obj)' or at 'E:\My_Stuff\prep\systemc_projects\OSPI_NB_TLM\x64\Debug\SystemC-3.0.0.pdb'; linking object as if no debug info
SystemC.lib(sc_cthread_process.obj) : warning LNK4099: PDB 'SystemC-3.0.0.pdb' was not found with 'SystemC.lib(sc_cthread_process.obj)' or at 'E:\My_Stuff\prep\systemc_projects\OSPI_NB_TLM\x64\Debug\SystemC-3.0.0.pdb'; linking object as if no debug info
SystemC.lib(sc_stage_callback_registry.obj) : warning LNK4099: PDB 'SystemC-3.0.0.pdb' was not found with 'SystemC.lib(sc_stage_callback_registry.obj)' or at 'E:\My_Stuff\prep\systemc_projects\OSPI_NB_TLM\x64\Debug\SystemC-3.0.0.pdb'; linking object as if no debug info
SystemC.lib(sc_prim_channel.obj) : warning LNK4099: PDB 'SystemC-3.0.0.pdb' was not found with 'SystemC.lib(sc_prim_channel.obj)' or at 'E:\My_Stuff\prep\systemc_projects\OSPI_NB_TLM\x64\Debug\SystemC-3.0.0.pdb'; linking object as if no debug info
SystemC.lib(sc_hash.obj) : warning LNK4099: PDB 'SystemC-3.0.0.pdb' was not found with 'SystemC.lib(sc_hash.obj)' or at 'E:\My_Stuff\prep\systemc_projects\OSPI_NB_TLM\x64\Debug\SystemC-3.0.0.pdb'; linking object as if no debug info
SystemC.lib(sc_int_base.obj) : warning LNK4099: PDB 'SystemC-3.0.0.pdb' was not found with 'SystemC.lib(sc_int_base.obj)' or at 'E:\My_Stuff\prep\systemc_projects\OSPI_NB_TLM\x64\Debug\SystemC-3.0.0.pdb'; linking object as if no debug info
SystemC.lib(sc_logic.obj) : warning LNK4099: PDB 'SystemC-3.0.0.pdb' was not found with 'SystemC.lib(sc_logic.obj)' or at 'E:\My_Stuff\prep\systemc_projects\OSPI_NB_TLM\x64\Debug\SystemC-3.0.0.pdb'; linking object as if no debug info
SystemC.lib(sc_lv_base.obj) : warning LNK4099: PDB 'SystemC-3.0.0.pdb' was not found with 'SystemC.lib(sc_lv_base.obj)' or at 'E:\My_Stuff\prep\systemc_projects\OSPI_NB_TLM\x64\Debug\SystemC-3.0.0.pdb'; linking object as if no debug info
SystemC.lib(sc_bv_base.obj) : warning LNK4099: PDB 'SystemC-3.0.0.pdb' was not found with 'SystemC.lib(sc_bv_base.obj)' or at 'E:\My_Stuff\prep\systemc_projects\OSPI_NB_TLM\x64\Debug\SystemC-3.0.0.pdb'; linking object as if no debug info
SystemC.lib(scfx_mant.obj) : warning LNK4099: PDB 'SystemC-3.0.0.pdb' was not found with 'SystemC.lib(scfx_mant.obj)' or at 'E:\My_Stuff\prep\systemc_projects\OSPI_NB_TLM\x64\Debug\SystemC-3.0.0.pdb'; linking object as if no debug info
SystemC.lib(scfx_rep.obj) : warning LNK4099: PDB 'SystemC-3.0.0.pdb' was not found with 'SystemC.lib(scfx_rep.obj)' or at 'E:\My_Stuff\prep\systemc_projects\OSPI_NB_TLM\x64\Debug\SystemC-3.0.0.pdb'; linking object as if no debug info
SystemC.lib(sc_fxnum.obj) : warning LNK4099: PDB 'SystemC-3.0.0.pdb' was not found with 'SystemC.lib(sc_fxnum.obj)' or at 'E:\My_Stuff\prep\systemc_projects\OSPI_NB_TLM\x64\Debug\SystemC-3.0.0.pdb'; linking object as if no debug info
SystemC.lib(sc_nbutils.obj) : warning LNK4099: PDB 'SystemC-3.0.0.pdb' was not found with 'SystemC.lib(sc_nbutils.obj)' or at 'E:\My_Stuff\prep\systemc_projects\OSPI_NB_TLM\x64\Debug\SystemC-3.0.0.pdb'; linking object as if no debug info
SystemC.lib(sc_int64_mask.obj) : warning LNK4099: PDB 'SystemC-3.0.0.pdb' was not found with 'SystemC.lib(sc_int64_mask.obj)' or at 'E:\My_Stuff\prep\systemc_projects\OSPI_NB_TLM\x64\Debug\SystemC-3.0.0.pdb'; linking object as if no debug info
SystemC.lib(sc_attribute.obj) : warning LNK4099: PDB 'SystemC-3.0.0.pdb' was not found with 'SystemC.lib(sc_attribute.obj)' or at 'E:\My_Stuff\prep\systemc_projects\OSPI_NB_TLM\x64\Debug\SystemC-3.0.0.pdb'; linking object as if no debug info
SystemC.lib(sc_mempool.obj) : warning LNK4099: PDB 'SystemC-3.0.0.pdb' was not found with 'SystemC.lib(sc_mempool.obj)' or at 'E:\My_Stuff\prep\systemc_projects\OSPI_NB_TLM\x64\Debug\SystemC-3.0.0.pdb'; linking object as if no debug info
SystemC.lib(sc_signal.obj) : warning LNK4099: PDB 'SystemC-3.0.0.pdb' was not found with 'SystemC.lib(sc_signal.obj)' or at 'E:\My_Stuff\prep\systemc_projects\OSPI_NB_TLM\x64\Debug\SystemC-3.0.0.pdb'; linking object as if no debug info
SystemC.lib(sc_sensitive.obj) : warning LNK4099: PDB 'SystemC-3.0.0.pdb' was not found with 'SystemC.lib(sc_sensitive.obj)' or at 'E:\My_Stuff\prep\systemc_projects\OSPI_NB_TLM\x64\Debug\SystemC-3.0.0.pdb'; linking object as if no debug info
SystemC.lib(scfx_utils.obj) : warning LNK4099: PDB 'SystemC-3.0.0.pdb' was not found with 'SystemC.lib(scfx_utils.obj)' or at 'E:\My_Stuff\prep\systemc_projects\OSPI_NB_TLM\x64\Debug\SystemC-3.0.0.pdb'; linking object as if no debug info
SystemC.lib(scfx_pow10.obj) : warning LNK4099: PDB 'SystemC-3.0.0.pdb' was not found with 'SystemC.lib(scfx_pow10.obj)' or at 'E:\My_Stuff\prep\systemc_projects\OSPI_NB_TLM\x64\Debug\SystemC-3.0.0.pdb'; linking object as if no debug info
SystemC.lib(sc_fxdefs.obj) : warning LNK4099: PDB 'SystemC-3.0.0.pdb' was not found with 'SystemC.lib(sc_fxdefs.obj)' or at 'E:\My_Stuff\prep\systemc_projects\OSPI_NB_TLM\x64\Debug\SystemC-3.0.0.pdb'; linking object as if no debug info
SystemC.lib(sc_fxcast_switch.obj) : warning LNK4099: PDB 'SystemC-3.0.0.pdb' was not found with 'SystemC.lib(sc_fxcast_switch.obj)' or at 'E:\My_Stuff\prep\systemc_projects\OSPI_NB_TLM\x64\Debug\SystemC-3.0.0.pdb'; linking object as if no debug info
SystemC.lib(sc_fxtype_params.obj) : warning LNK4099: PDB 'SystemC-3.0.0.pdb' was not found with 'SystemC.lib(sc_fxtype_params.obj)' or at 'E:\My_Stuff\prep\systemc_projects\OSPI_NB_TLM\x64\Debug\SystemC-3.0.0.pdb'; linking object as if no debug info
SystemC.lib(sc_fxval.obj) : warning LNK4099: PDB 'SystemC-3.0.0.pdb' was not found with 'SystemC.lib(sc_fxval.obj)' or at 'E:\My_Stuff\prep\systemc_projects\OSPI_NB_TLM\x64\Debug\SystemC-3.0.0.pdb'; linking object as if no debug info
SystemC.lib(sc_event_finder.obj) : warning LNK4099: PDB 'SystemC-3.0.0.pdb' was not found with 'SystemC.lib(sc_event_finder.obj)' or at 'E:\My_Stuff\prep\systemc_projects\OSPI_NB_TLM\x64\Debug\SystemC-3.0.0.pdb'; linking object as if no debug info
  OSPI_NB_TLM.vcxproj -> E:\My_Stuff\prep\systemc_projects\OSPI_NB_TLM\x64\Debug\OSPI_NB_TLM.exe
